// Jest Snapshot v1, https://goo.gl/fbAQLP

exports[`Card render default 1`] = `
<div>
  <div
    class="h-full p-8 card-green bg-green rounded-2xl"
  >
    Card
  </div>
</div>
`;
