// Jest Snapshot v1, https://goo.gl/fbAQLP

exports[`Layout to match snapshot 1`] = `
<div>
  <div
    class="flex flex-col min-h-screen"
  >
    <div
      class="grow overflow-auto"
    />
  </div>
</div>
`;
