// Jest Snapshot v1, https://goo.gl/fbAQLP

exports[`Trends to match snapshot 1`] = `
<div>
  <div
    class="collapse join-item collapse-arrow border border-base-content"
  >
    <input
      name="accordion-trends"
      type="radio"
    />
    <div
      class="collapse-title border-b border-base-content capitalize"
    >
       (
      0
      )
    </div>
    <div
      class="collapse-content"
    >
      <div
        class="flex flex-wrap gap-x-4 gap-y-4 pt-4"
      />
    </div>
  </div>
</div>
`;
