// Jest Snapshot v1, https://goo.gl/fbAQLP

exports[`AppFooter to match snapshot 1`] = `
<div>
  <footer>
    <div
      class=""
    >
      <div
        class="container mx-auto"
      >
        <div
          class="px-4 py-2 md:px-8 md:py-4"
        >
          <svg
            fill="none"
            height="1em"
            stroke="currentColor"
            stroke-linecap="round"
            stroke-linejoin="round"
            stroke-width="2"
            viewBox="0 0 24 24"
            width="1em"
            xmlns="http://www.w3.org/2000/svg"
          >
            <path
              d="M3 19a2 2 0 0 0 2 2c2 0 2 -4 3 -9s1 -9 3 -9a2 2 0 0 1 2 2"
            />
            <path
              d="M5 12h6"
            />
            <path
              d="M15 12l6 6"
            />
            <path
              d="M15 18l6 -6"
            />
          </svg>
        </div>
      </div>
    </div>
  </footer>
</div>
`;
