// Jest Snapshot v1, https://goo.gl/fbAQLP

exports[`Chess2800 render default 1`] = `
<div>
  <div
    class="flex flex-col h-screen overflow-hidden"
  >
    <nav>
      <div
        class=""
      >
        <div
          class="container mx-auto"
        >
          <div
            class="px-4 pt-4 md:px-8 md:pt-8 pb-0 md:pb-0"
          >
            <div
              class="flex items-center justify-between"
            >
              <a
                href="/"
              >
                <span
                  class="text-xl"
                >
                  <svg
                    fill="none"
                    height="24"
                    stroke="currentColor"
                    stroke-linecap="round"
                    stroke-linejoin="round"
                    stroke-width="2"
                    viewBox="0 0 24 24"
                    width="24"
                    xmlns="http://www.w3.org/2000/svg"
                  >
                    <path
                      d="M3 19a2 2 0 0 0 2 2c2 0 2 -4 3 -9s1 -9 3 -9a2 2 0 0 1 2 2"
                    />
                    <path
                      d="M5 12h6"
                    />
                    <path
                      d="M15 12l6 6"
                    />
                    <path
                      d="M15 18l6 -6"
                    />
                  </svg>
                </span>
              </a>
              <a
                href="/apps"
              >
                <svg
                  class="hover:animate-spin"
                  fill="currentColor"
                  height="24"
                  stroke="currentColor"
                  stroke-width="0"
                  viewBox="0 0 512 512"
                  width="24"
                  xmlns="http://www.w3.org/2000/svg"
                >
                  <path
                    d="M255.9 120.9l9.1-15.7c5.6-9.8 18.1-13.1 27.9-7.5 9.8 5.6 13.1 18.1 7.5 27.9l-87.5 151.5h63.3c20.5 0 32 24.1 23.1 40.8H113.8c-11.3 0-20.4-9.1-20.4-20.4 0-11.3 9.1-20.4 20.4-20.4h52l66.6-115.4-20.8-36.1c-5.6-9.8-2.3-22.2 7.5-27.9 9.8-5.6 22.2-2.3 27.9 7.5l8.9 15.7zm-78.7 218l-19.6 34c-5.6 9.8-18.1 13.1-27.9 7.5-9.8-5.6-13.1-18.1-7.5-27.9l14.6-25.2c16.4-5.1 29.8-1.2 40.4 11.6zm168.9-61.7h53.1c11.3 0 20.4 9.1 20.4 20.4 0 11.3-9.1 20.4-20.4 20.4h-29.5l19.9 34.5c5.6 9.8 2.3 22.2-7.5 27.9-9.8 5.6-22.2 2.3-27.9-7.5-33.5-58.1-58.7-101.6-75.4-130.6-17.1-29.5-4.9-59.1 7.2-69.1 13.4 23 33.4 57.7 60.1 104zM256 8C119 8 8 119 8 256s111 248 248 248 248-111 248-248S393 8 256 8zm216 248c0 118.7-96.1 216-216 216-118.7 0-216-96.1-216-216 0-118.7 96.1-216 216-216 118.7 0 216 96.1 216 216z"
                  />
                </svg>
              </a>
            </div>
          </div>
        </div>
      </div>
    </nav>
    <div
      class="grow overflow-auto"
    >
      <div
        class="container mx-auto"
      >
        <div
          class="p-4 md:p-8"
        >
          <div
            class="rounded-xl border border-base-content"
          >
            <table
              class="table"
            >
              <caption
                class="py-2"
              >
                2800 Clubs (
                15
                )
              </caption>
              <thead>
                <tr
                  class="border-t border-base-content"
                >
                  <th>
                    Username
                  </th>
                  <th>
                    Name 
                  </th>
                  <th
                    align="right"
                  >
                    Peak
                  </th>
                </tr>
              </thead>
              <tbody>
                <tr
                  class="border-t border-base-content"
                >
                  <td>
                    <a
                      href="/apps/chess/players/2800/magnuscarlsen"
                    >
                      magnuscarlsen
                    </a>
                  </td>
                  <td>
                    Magnus Carlsen
                  </td>
                  <td
                    align="right"
                  >
                    2889.2
                  </td>
                </tr>
                <tr
                  class="border-t border-base-content"
                >
                  <td>
                    <a
                      href="/apps/chess/players/2800/garrykasparov"
                    >
                      garrykasparov
                    </a>
                  </td>
                  <td>
                    Garry Kasparov
                  </td>
                  <td
                    align="right"
                  >
                    2856.7
                  </td>
                </tr>
                <tr
                  class="border-t border-base-content"
                >
                  <td>
                    <a
                      href="/apps/chess/players/2800/fabianocaruana"
                    >
                      fabianocaruana
                    </a>
                  </td>
                  <td>
                    Fabiano Caruana
                  </td>
                  <td
                    align="right"
                  >
                    2851.3
                  </td>
                </tr>
                <tr
                  class="border-t border-base-content"
                >
                  <td>
                    <a
                      href="/apps/chess/players/2800/levonaronian"
                    >
                      levonaronian
                    </a>
                  </td>
                  <td>
                    Levon Aronian
                  </td>
                  <td
                    align="right"
                  >
                    2835.5
                  </td>
                </tr>
                <tr
                  class="border-t border-base-content"
                >
                  <td>
                    <a
                      href="/apps/chess/players/2800/gmwso"
                    >
                      gmwso
                    </a>
                  </td>
                  <td>
                    Wesley So
                  </td>
                  <td
                    align="right"
                  >
                    2824.5
                  </td>
                </tr>
                <tr
                  class="border-t border-base-content"
                >
                  <td>
                    <a
                      href="/apps/chess/players/2800/azerichess"
                    >
                      azerichess
                    </a>
                  </td>
                  <td>
                    Shakhriyar Mamedyarov
                  </td>
                  <td
                    align="right"
                  >
                    2826.2
                  </td>
                </tr>
                <tr
                  class="border-t border-base-content"
                >
                  <td>
                    <a
                      href="/apps/chess/players/2800/lyonbeast"
                    >
                      lyonbeast
                    </a>
                  </td>
                  <td>
                    Maxime Vachier-Lagrave
                  </td>
                  <td
                    align="right"
                  >
                    2819.3
                  </td>
                </tr>
                <tr
                  class="border-t border-base-content"
                >
                  <td>
                    <a
                      href="/apps/chess/players/2800/thevish"
                    >
                      thevish
                    </a>
                  </td>
                  <td>
                    Viswanathan Anand
                  </td>
                  <td
                    align="right"
                  >
                    2820.7
                  </td>
                </tr>
                <tr
                  class="border-t border-base-content"
                >
                  <td>
                    <a
                      href="/apps/chess/players/2800/vladimirkramnik"
                    >
                      vladimirkramnik
                    </a>
                  </td>
                  <td>
                    Vladimir Kramnik
                  </td>
                  <td
                    align="right"
                  >
                    2817.8
                  </td>
                </tr>
                <tr
                  class="border-t border-base-content"
                >
                  <td>
                    <a
                      href="/apps/chess/players/2800/veselintopalov359"
                    >
                      veselintopalov359
                    </a>
                  </td>
                  <td>
                    Veselin Topalov
                  </td>
                  <td
                    align="right"
                  >
                    2826.5
                  </td>
                </tr>
                <tr
                  class="border-t border-base-content"
                >
                  <td>
                    <a
                      href="/apps/chess/players/2800/hikaru"
                    >
                      hikaru
                    </a>
                  </td>
                  <td>
                    Hikaru Nakamura
                  </td>
                  <td
                    align="right"
                  >
                    2819
                  </td>
                </tr>
                <tr
                  class="border-t border-base-content"
                >
                  <td>
                    <a
                      href="/apps/chess/players/2800/chefshouse"
                    >
                      chefshouse
                    </a>
                  </td>
                  <td>
                    Ding Liren
                  </td>
                  <td
                    align="right"
                  >
                    2816.9
                  </td>
                </tr>
                <tr
                  class="border-t border-base-content"
                >
                  <td>
                    <a
                      href="/apps/chess/players/2800/grischuk"
                    >
                      grischuk
                    </a>
                  </td>
                  <td>
                    Alexander Grischuk
                  </td>
                  <td
                    align="right"
                  >
                    2813.6
                  </td>
                </tr>
                <tr
                  class="border-t border-base-content"
                >
                  <td>
                    <a
                      href="/apps/chess/players/2800/firouzja2003"
                    >
                      firouzja2003
                    </a>
                  </td>
                  <td>
                    Alireza Firouzja
                  </td>
                  <td
                    align="right"
                  >
                    2804
                  </td>
                </tr>
                <tr
                  class="border-t border-base-content"
                >
                  <td>
                    <a
                      href="/apps/chess/players/2800/anishgiri"
                    >
                      anishgiri
                    </a>
                  </td>
                  <td>
                    Anish Giri
                  </td>
                  <td
                    align="right"
                  >
                    2802.8
                  </td>
                </tr>
              </tbody>
            </table>
          </div>
        </div>
      </div>
    </div>
  </div>
</div>
`;
