// Jest Snapshot v1, https://goo.gl/fbAQLP

exports[`Footer to match snapshot 1`] = `
<div>
  <footer
    class="border-t shadow"
  >
    <div
      class="container mx-auto px-4 md:px-8"
    >
      <div
        class="py-4"
      >
        <p
          class="chakra-text css-1lejymi"
        >
          Â© 
          2023
           
          Chess Insights
        </p>
      </div>
    </div>
  </footer>
</div>
`;
