// Jest Snapshot v1, https://goo.gl/fbAQLP

exports[`CardHeader render default 1`] = `
<div>
  <h3
    class="text-[#FFB715] text-base md:text-xl"
  >
    Card
  </h3>
</div>
`;
