// Jest Snapshot v1, https://goo.gl/fbAQLP

exports[`ChessResults to match snapshot 1`] = `
<div>
  <div
    class="chakra-card border border-gray-200 css-2dlz7"
  >
    <div
      class="chakra-card__header css-0"
    >
      <h1
        class="text-xl md:text-3xl"
      >
        Game Results
      </h1>
    </div>
    <hr
      aria-orientation="horizontal"
      class="chakra-divider css-1upb9tn"
    />
    <div
      class="chakra-card__body css-0"
    >
      <div
        class="flex flex-col gap-y-4"
      >
        <h2
          class="font-bold"
        >
          Games you won by ...
        </h2>
        <div
          class="rounded-2xl bg-gray-100 p-8"
        >
          <div
            class="aspect-video"
          >
            <div
              class="recharts-responsive-container"
              style="width: 100%; height: 100%; min-width: 0;"
            />
          </div>
        </div>
      </div>
    </div>
    <hr
      aria-orientation="horizontal"
      class="chakra-divider css-1upb9tn"
    />
    <div
      class="chakra-card__body css-0"
    >
      <div
        class="flex flex-col gap-y-4"
      >
        <h2
          class="font-bold"
        >
          Games you drawn by ...
        </h2>
        <div
          class="rounded-2xl bg-gray-100 p-8"
        >
          <div
            class="aspect-video"
          >
            <div
              class="recharts-responsive-container"
              style="width: 100%; height: 100%; min-width: 0;"
            />
          </div>
        </div>
      </div>
    </div>
    <hr
      aria-orientation="horizontal"
      class="chakra-divider css-1upb9tn"
    />
    <div
      class="chakra-card__body css-0"
    >
      <div
        class="flex flex-col gap-y-4"
      >
        <h2
          class="font-bold"
        >
          Games you lost by ...
        </h2>
        <div
          class="rounded-2xl bg-gray-100 p-8"
        >
          <div
            class="aspect-video"
          >
            <div
              class="recharts-responsive-container"
              style="width: 100%; height: 100%; min-width: 0;"
            />
          </div>
        </div>
      </div>
    </div>
    <hr
      aria-orientation="horizontal"
      class="chakra-divider css-1upb9tn"
    />
    <div
      class="chakra-card__body css-0"
    />
  </div>
</div>
`;
