// Jest Snapshot v1, https://goo.gl/fbAQLP

exports[`ChessHeader to match snapshot 1`] = `
<div>
  <div
    class="flex items-center justify-between gap-x-2"
  >
    <div
      class="flex items-center gap-x-2 md:gap-x-4"
    >
      <div
        class="aspect-square w-16 rounded-xl bg-contain bg-center"
        style="background-image: url();"
      />
      <div>
        <h2
          class="chakra-heading flex items-center gap-x-2 css-0"
        >
          <a
            href="https://www.chess.com/member/"
            target="_blank"
          >
            <p
              class="chakra-text text-lg uppercase md:text-2xl css-0"
            />
          </a>
        </h2>
        <p
          class="chakra-text css-0"
        />
      </div>
    </div>
    <div
      class="flex items-center gap-2"
    >
      <svg
        class="chakra-icon css-g37jgb"
        fill="currentColor"
        focusable="false"
        height="1em"
        stroke="currentColor"
        stroke-width="0"
        viewBox="0 0 512 512"
        width="1em"
        xmlns="http://www.w3.org/2000/svg"
      >
        <path
          d="M504 256c0 136.967-111.033 248-248 248S8 392.967 8 256 119.033 8 256 8s248 111.033 248 248zM227.314 387.314l184-184c6.248-6.248 6.248-16.379 0-22.627l-22.627-22.627c-6.248-6.249-16.379-6.249-22.628 0L216 308.118l-70.059-70.059c-6.248-6.248-16.379-6.248-22.628 0l-22.627 22.627c-6.248 6.248-6.248 16.379 0 22.627l104 104c6.249 6.249 16.379 6.249 22.628.001z"
        />
      </svg>
      <a
        href=""
        target="_blank"
      >
        <button
          class="chakra-button css-4xx2wk"
          type="button"
        >
          <svg
            class="chakra-icon css-13otjrl"
            fill="currentColor"
            focusable="false"
            height="1em"
            stroke="currentColor"
            stroke-width="0"
            viewBox="0 0 512 512"
            width="1em"
            xmlns="http://www.w3.org/2000/svg"
          >
            <path
              d="M391.17,103.47H352.54v109.7h38.63ZM285,103H246.37V212.75H285ZM120.83,0,24.31,91.42V420.58H140.14V512l96.53-91.42h77.25L487.69,256V0ZM449.07,237.75l-77.22,73.12H294.61l-67.6,64v-64H140.14V36.58H449.07Z"
            />
          </svg>
        </button>
      </a>
      <button
        class="chakra-button css-4xx2wk"
        type="button"
      >
        <svg
          class="chakra-icon css-13otjrl"
          fill="currentColor"
          focusable="false"
          height="1em"
          stroke="currentColor"
          stroke-width="0"
          viewBox="0 0 512 512"
          width="1em"
          xmlns="http://www.w3.org/2000/svg"
        >
          <path
            d="M440.65 12.57l4 82.77A247.16 247.16 0 0 0 255.83 8C134.73 8 33.91 94.92 12.29 209.82A12 12 0 0 0 24.09 224h49.05a12 12 0 0 0 11.67-9.26 175.91 175.91 0 0 1 317-56.94l-101.46-4.86a12 12 0 0 0-12.57 12v47.41a12 12 0 0 0 12 12H500a12 12 0 0 0 12-12V12a12 12 0 0 0-12-12h-47.37a12 12 0 0 0-11.98 12.57zM255.83 432a175.61 175.61 0 0 1-146-77.8l101.8 4.87a12 12 0 0 0 12.57-12v-47.4a12 12 0 0 0-12-12H12a12 12 0 0 0-12 12V500a12 12 0 0 0 12 12h47.35a12 12 0 0 0 12-12.6l-4.15-82.57A247.17 247.17 0 0 0 255.83 504c121.11 0 221.93-86.92 243.55-201.82a12 12 0 0 0-11.8-14.18h-49.05a12 12 0 0 0-11.67 9.26A175.86 175.86 0 0 1 255.83 432z"
          />
        </svg>
      </button>
    </div>
  </div>
</div>
`;
