// Jest Snapshot v1, https://goo.gl/fbAQLP

exports[`InternalServerErrorPage render default 1`] = `
<div>
  <div
    class="flex h-screen w-screen items-center justify-center"
  >
    <div
      class="flex flex-col gap-y-2"
    >
      <h2
        class="text-9xl"
      >
        500
      </h2>
      <a
        href="/"
      >
        <button
          class="w-full rounded-full bg-black py-2 text-white"
          type="button"
        >
          Back to Home
        </button>
      </a>
    </div>
  </div>
</div>
`;
