// Jest Snapshot v1, https://goo.gl/fbAQLP

exports[`DownloadIcon render default 1`] = `
<div>
  <div
    class="sc-eLqIir fuNSle w-24 h-24 bg-center bg-cover"
    image="/how-to-play/en/images/meta-mask-wallet/box.svg"
  >
    <div
      class="flex items-center justify-center w-full h-full"
    >
      <div
        class="sc-eLqIir bAYUve w-16 h-16 bg-center bg-no-repeat bg-contain"
        image=""
      />
    </div>
  </div>
</div>
`;
