// Jest Snapshot v1, https://goo.gl/fbAQLP

exports[`NotFoundPage renders correctly 1`] = `
<div>
  <main
    class="flex h-screen w-full items-center justify-center"
  >
    <div
      class="flex flex-col gap-4 text-center uppercase"
    >
      <h1
        class="text-9xl font-bold"
      >
        404
      </h1>
      <p
        class="text-4xl"
      >
        Page Not Found
      </p>
      <a
        href="/"
      >
        <button
          class="w-full btn bg-blue-500 text-white"
          type="button"
        >
          Back to Home
        </button>
      </a>
    </div>
  </main>
</div>
`;
