// Jest Snapshot v1, https://goo.gl/fbAQLP

exports[`SocialTrendPage renders correctly 1`] = `
<div>
  <nav
    class="border-b shadow"
  >
    <div
      class="container mx-auto px-8 py-4"
    >
      <div
        class="flex items-center justify-between"
      >
        <div
          class="flex items-center gap-x-2"
        >
          <a
            href="/"
          >
            <h1
              class="uppercase"
            >
              Buzz Metrics
            </h1>
          </a>
          <a
            href="/socialheat"
          >
            <p>
              Social Heat
            </p>
          </a>
          <a
            href="/socialtrend"
          >
            <p>
              Social Trend
            </p>
          </a>
        </div>
        <div>
          <button
            class="btn bg-blue-500 text-white uppercase"
            type="button"
          >
            Log Out
          </button>
        </div>
      </div>
    </div>
  </nav>
  <main
    class="container mx-auto p-8"
  >
    <div
      class="flex flex-col gap-4 md:gap-8"
    >
      <div
        class="grid grid-cols-1 gap-4 md:grid-cols-2 md:gap-8"
      >
        <div
          class="col-span-1 md:col-span-2"
        >
          <input
            class="w-full input input-bordered"
            id="pin"
            placeholder="PIN"
            required=""
            value=""
          />
        </div>
        <div
          class="col-span-1"
        >
          <div
            class="MuiFormControl-root MuiTextField-root w-full css-z3c6am-MuiFormControl-root-MuiTextField-root"
          >
            <label
              class="MuiFormLabel-root MuiInputLabel-root MuiInputLabel-formControl MuiInputLabel-animated MuiInputLabel-shrink MuiInputLabel-sizeMedium MuiInputLabel-outlined MuiFormLabel-colorPrimary MuiFormLabel-filled MuiInputLabel-root MuiInputLabel-formControl MuiInputLabel-animated MuiInputLabel-shrink MuiInputLabel-sizeMedium MuiInputLabel-outlined css-1jy569b-MuiFormLabel-root-MuiInputLabel-root"
              data-shrink="true"
              for=":r0:"
              id=":r0:-label"
            >
              Date
            </label>
            <div
              class="MuiInputBase-root MuiOutlinedInput-root MuiInputBase-colorPrimary MuiInputBase-formControl MuiInputBase-adornedEnd css-o9k5xi-MuiInputBase-root-MuiOutlinedInput-root"
            >
              <input
                aria-invalid="false"
                autocomplete="off"
                class="MuiInputBase-input MuiOutlinedInput-input MuiInputBase-inputAdornedEnd css-nxo287-MuiInputBase-input-MuiOutlinedInput-input"
                id=":r0:"
                inputmode="text"
                placeholder="DD/MM/YYYY"
                type="text"
                value="19/03/2024"
              />
              <div
                class="MuiInputAdornment-root MuiInputAdornment-positionEnd MuiInputAdornment-outlined MuiInputAdornment-sizeMedium css-1laqsz7-MuiInputAdornment-root"
              >
                <button
                  aria-label="Choose date, selected date is Mar 19, 2024"
                  class="MuiButtonBase-root MuiIconButton-root MuiIconButton-edgeEnd MuiIconButton-sizeMedium css-1yq5fb3-MuiButtonBase-root-MuiIconButton-root"
                  tabindex="0"
                  type="button"
                >
                  <svg
                    aria-hidden="true"
                    class="MuiSvgIcon-root MuiSvgIcon-fontSizeMedium css-i4bv87-MuiSvgIcon-root"
                    data-testid="CalendarIcon"
                    focusable="false"
                    viewBox="0 0 24 24"
                  >
                    <path
                      d="M17 12h-5v5h5v-5zM16 1v2H8V1H6v2H5c-1.11 0-1.99.9-1.99 2L3 19c0 1.1.89 2 2 2h14c1.1 0 2-.9 2-2V5c0-1.1-.9-2-2-2h-1V1h-2zm3 18H5V8h14v11z"
                    />
                  </svg>
                  <span
                    class="MuiTouchRipple-root css-8je8zh-MuiTouchRipple-root"
                  />
                </button>
              </div>
              <fieldset
                aria-hidden="true"
                class="MuiOutlinedInput-notchedOutline css-1d3z3hw-MuiOutlinedInput-notchedOutline"
              >
                <legend
                  class="css-14lo706"
                >
                  <span>
                    Date
                  </span>
                </legend>
              </fieldset>
            </div>
          </div>
        </div>
        <div
          class="col-span-1"
        >
          <select
            class="w-full select select-bordered"
            id="range"
            name="range"
          >
            <option
              value=""
            >
              Range
            </option>
            <option
              value="86400000"
            >
              24 hours
            </option>
            <option
              value="687600000"
            >
              7 days ago
            </option>
            <option
              value="2674800000"
            >
              30 days ago
            </option>
          </select>
        </div>
      </div>
    </div>
  </main>
</div>
`;
