// Jest Snapshot v1, https://goo.gl/fbAQLP

exports[`Articles render default 1`] = `<div />`;
