// Jest Snapshot v1, https://goo.gl/fbAQLP

exports[`Header render default 1`] = `
<div>
  <h1
    class="text-center text-xl md:text-3xl font-anton"
  >
    Header
  </h1>
</div>
`;
