// Jest Snapshot v1, https://goo.gl/fbAQLP

exports[`StakeToPlayInstructions render default 1`] = `
<div>
  <div>
    <div
      class="mb-8"
    >
      <div
        class="flex items-center gap-x-4"
      >
        <button
          type="button"
        >
          <div
            class="sc-eLqIir gnZJds w-12 h-12 bg-cover"
            image="/how-to-play/en/images/stake-to-play/circle.svg"
          >
            <div
              class="text-yellow text-xs w-full h-full flex justify-center items-center"
            >
              01
            </div>
          </div>
        </button>
        <div
          class="text-white font-karma"
        >
          Visit
           
          <a
            class="text-yellow underline"
            href="https://marketplace.footballbattle.co"
            rel="noreferrer"
            target="_blank"
          >
            Markerplace
          </a>
        </div>
      </div>
      <div
        class="w-12 h-12 flex items-center"
      >
        <div
          class="w-12 h-4 bg-contain bg-no-repeat bg-center"
          style="background-image: url(/how-to-play/en/images/stake-to-play/arrow.svg);"
        />
      </div>
      <div
        class="flex items-center gap-x-4"
      >
        <button
          type="button"
        >
          <div
            class="sc-eLqIir gnZJds w-12 h-12 bg-cover"
            image="/how-to-play/en/images/stake-to-play/circle.svg"
          >
            <div
              class="text-yellow text-xs w-full h-full flex justify-center items-center"
            >
              02
            </div>
          </div>
        </button>
        <div
          class="text-white font-karma"
        >
          Click 
          <span
            class="text-yellow"
          >
            My Account
          </span>
        </div>
      </div>
      <div
        class="w-12 h-12 flex items-center"
      >
        <div
          class="w-12 h-4 bg-contain bg-no-repeat bg-center"
          style="background-image: url(/how-to-play/en/images/stake-to-play/arrow.svg);"
        />
      </div>
      <div
        class="flex items-center gap-x-4"
      >
        <button
          type="button"
        >
          <div
            class="sc-eLqIir gnZJds w-12 h-12 bg-cover"
            image="/how-to-play/en/images/stake-to-play/circle.svg"
          >
            <div
              class="text-yellow text-xs w-full h-full flex justify-center items-center"
            >
              03
            </div>
          </div>
        </button>
        <div
          class="text-white font-karma"
        >
          Choose 
          <span
            class="text-yellow"
          >
            Staking tab
          </span>
        </div>
      </div>
      <div
        class="w-12 h-12 flex items-center"
      >
        <div
          class="w-12 h-4 bg-contain bg-no-repeat bg-center"
          style="background-image: url(/how-to-play/en/images/stake-to-play/arrow.svg);"
        />
      </div>
      <div
        class="flex items-center gap-x-4"
      >
        <button
          type="button"
        >
          <div
            class="sc-eLqIir gnZJds w-12 h-12 bg-cover"
            image="/how-to-play/en/images/stake-to-play/circle.svg"
          >
            <div
              class="text-yellow text-xs w-full h-full flex justify-center items-center"
            >
              04
            </div>
          </div>
        </button>
        <div
          class="text-white font-karma"
        >
          Input
           
          <span
            class="text-yellow"
          >
            the number of FBL you want to stake & proceed
          </span>
        </div>
      </div>
    </div>
    <div
      class="flex items-center gap-8"
    >
      <a
        href="https://bit.ly/3nHxVyL"
        rel="noreferrer"
        target="_blank"
      >
        <button
          class="rounded-3xl px-4 py-1 font-PS2P uppercase transition duration-700 border-4 border-dashed flex items-center justify-center focus:ring-transparent focus:outline-none text-tiny btn-blue bg-blue"
          type="button"
        >
          <div
            class="text-xs md:text-base text-white"
          >
            FBL TOKEN
          </div>
        </button>
      </a>
      <a
        href="https://bit.ly/3ypHdnY"
        rel="noreferrer"
        target="_blank"
      >
        <button
          class="rounded-3xl px-4 py-1 font-PS2P uppercase transition duration-700 border-4 border-dashed flex items-center justify-center focus:ring-transparent focus:outline-none btn-yellow bg-yellow text-tiny"
          type="button"
        >
          <div
            class="text-darkRed text-xs md:text-base"
          >
            FBT TOKEN
          </div>
        </button>
      </a>
    </div>
  </div>
</div>
`;
