// Jest Snapshot v1, https://goo.gl/fbAQLP

exports[`YellowButton render default 1`] = `
<div>
  <button
    class="rounded-3xl px-4 py-1 font-PS2P uppercase transition duration-700 border-4 border-dashed flex items-center justify-center focus:ring-transparent focus:outline-none btn-yellow bg-yellow text-tiny"
    type="button"
  >
    YellowButton
  </button>
</div>
`;
