// Jest Snapshot v1, https://goo.gl/fbAQLP

exports[`Sprite render default 1`] = `
<div>
  <div
    class="sc-braxZu dmnYrq"
    image=""
  >
    Sprite
  </div>
</div>
`;
