// Jest Snapshot v1, https://goo.gl/fbAQLP

exports[`ChessClock render default 1`] = `
<div>
  <div
    class="flex flex-col h-screen overflow-hidden"
  >
    <nav>
      <div
        class=""
      >
        <div
          class="container mx-auto"
        >
          <div
            class="px-4 pt-4 md:px-8 md:pt-8 pb-0 md:pb-0"
          >
            <div
              class="flex items-center justify-between"
            >
              <a
                href="/"
              >
                <span
                  class="text-xl"
                >
                  <svg
                    fill="none"
                    height="24"
                    stroke="currentColor"
                    stroke-linecap="round"
                    stroke-linejoin="round"
                    stroke-width="2"
                    viewBox="0 0 24 24"
                    width="24"
                    xmlns="http://www.w3.org/2000/svg"
                  >
                    <path
                      d="M3 19a2 2 0 0 0 2 2c2 0 2 -4 3 -9s1 -9 3 -9a2 2 0 0 1 2 2"
                    />
                    <path
                      d="M5 12h6"
                    />
                    <path
                      d="M15 12l6 6"
                    />
                    <path
                      d="M15 18l6 -6"
                    />
                  </svg>
                </span>
              </a>
              <a
                href="/apps"
              >
                <svg
                  class="hover:animate-spin"
                  fill="currentColor"
                  height="24"
                  stroke="currentColor"
                  stroke-width="0"
                  viewBox="0 0 512 512"
                  width="24"
                  xmlns="http://www.w3.org/2000/svg"
                >
                  <path
                    d="M255.9 120.9l9.1-15.7c5.6-9.8 18.1-13.1 27.9-7.5 9.8 5.6 13.1 18.1 7.5 27.9l-87.5 151.5h63.3c20.5 0 32 24.1 23.1 40.8H113.8c-11.3 0-20.4-9.1-20.4-20.4 0-11.3 9.1-20.4 20.4-20.4h52l66.6-115.4-20.8-36.1c-5.6-9.8-2.3-22.2 7.5-27.9 9.8-5.6 22.2-2.3 27.9 7.5l8.9 15.7zm-78.7 218l-19.6 34c-5.6 9.8-18.1 13.1-27.9 7.5-9.8-5.6-13.1-18.1-7.5-27.9l14.6-25.2c16.4-5.1 29.8-1.2 40.4 11.6zm168.9-61.7h53.1c11.3 0 20.4 9.1 20.4 20.4 0 11.3-9.1 20.4-20.4 20.4h-29.5l19.9 34.5c5.6 9.8 2.3 22.2-7.5 27.9-9.8 5.6-22.2 2.3-27.9-7.5-33.5-58.1-58.7-101.6-75.4-130.6-17.1-29.5-4.9-59.1 7.2-69.1 13.4 23 33.4 57.7 60.1 104zM256 8C119 8 8 119 8 256s111 248 248 248 248-111 248-248S393 8 256 8zm216 248c0 118.7-96.1 216-216 216-118.7 0-216-96.1-216-216 0-118.7 96.1-216 216-216 118.7 0 216 96.1 216 216z"
                  />
                </svg>
              </a>
            </div>
          </div>
        </div>
      </div>
    </nav>
    <div
      class="grow overflow-auto"
    >
      <div
        class="container mx-auto h-full"
      >
        <div
          class="h-full p-4 md:p-8"
        >
          <div
            class="flex h-full flex-row gap-2 md:flex-col md:gap-4"
          >
            <div
              class="order-2 grow md:order-1"
            >
              <div
                class="grid h-full grid-cols-1 gap-2 md:grid-cols-2 md:gap-4"
              >
                <div
                  class="col-span-1"
                >
                  <button
                    class="btn btn-primary h-full w-full"
                    type="button"
                  >
                    <div
                      class="rotate-180 text-6xl md:rotate-0 md:text-9xl"
                    >
                      10:00
                    </div>
                  </button>
                </div>
                <div
                  class="col-span-1"
                >
                  <button
                    class="btn btn-primary h-full w-full"
                    type="button"
                  >
                    <div
                      class="text-6xl md:text-9xl"
                    >
                      10:00
                    </div>
                  </button>
                </div>
              </div>
            </div>
            <div
              class="order-1 grid grid-cols-1 gap-2 md:order-2 md:grid-cols-3 md:gap-4"
            >
              <div
                class="col-span-1"
              >
                <button
                  class="btn btn-primary h-full w-full"
                  disabled=""
                  type="button"
                >
                  <svg
                    fill="currentColor"
                    height="1em"
                    stroke="currentColor"
                    stroke-width="0"
                    viewBox="0 0 384 512"
                    width="1em"
                    xmlns="http://www.w3.org/2000/svg"
                  >
                    <path
                      d="M73 39c-14.8-9.1-33.4-9.4-48.5-.9S0 62.6 0 80V432c0 17.4 9.4 33.4 24.5 41.9s33.7 8.1 48.5-.9L361 297c14.3-8.7 23-24.2 23-41s-8.7-32.2-23-41L73 39z"
                    />
                  </svg>
                </button>
              </div>
              <div
                class="col-span-1"
              >
                <button
                  class="btn btn-primary h-full w-full"
                  type="button"
                >
                  <svg
                    fill="currentColor"
                    height="1em"
                    stroke="currentColor"
                    stroke-width="0"
                    viewBox="0 0 512 512"
                    width="1em"
                    xmlns="http://www.w3.org/2000/svg"
                  >
                    <path
                      d="M105.1 202.6c7.7-21.8 20.2-42.3 37.8-59.8c62.5-62.5 163.8-62.5 226.3 0L386.3 160H352c-17.7 0-32 14.3-32 32s14.3 32 32 32H463.5c0 0 0 0 0 0h.4c17.7 0 32-14.3 32-32V80c0-17.7-14.3-32-32-32s-32 14.3-32 32v35.2L414.4 97.6c-87.5-87.5-229.3-87.5-316.8 0C73.2 122 55.6 150.7 44.8 181.4c-5.9 16.7 2.9 34.9 19.5 40.8s34.9-2.9 40.8-19.5zM39 289.3c-5 1.5-9.8 4.2-13.7 8.2c-4 4-6.7 8.8-8.1 14c-.3 1.2-.6 2.5-.8 3.8c-.3 1.7-.4 3.4-.4 5.1V432c0 17.7 14.3 32 32 32s32-14.3 32-32V396.9l17.6 17.5 0 0c87.5 87.4 229.3 87.4 316.7 0c24.4-24.4 42.1-53.1 52.9-83.7c5.9-16.7-2.9-34.9-19.5-40.8s-34.9 2.9-40.8 19.5c-7.7 21.8-20.2 42.3-37.8 59.8c-62.5 62.5-163.8 62.5-226.3 0l-.1-.1L125.6 352H160c17.7 0 32-14.3 32-32s-14.3-32-32-32H48.4c-1.6 0-3.2 .1-4.8 .3s-3.1 .5-4.6 1z"
                    />
                  </svg>
                </button>
              </div>
              <div
                class="col-span-1"
              >
                <button
                  class="btn btn-primary h-full w-full"
                  type="button"
                >
                  <svg
                    fill="currentColor"
                    height="1em"
                    stroke="currentColor"
                    stroke-width="0"
                    viewBox="0 0 512 512"
                    width="1em"
                    xmlns="http://www.w3.org/2000/svg"
                  >
                    <path
                      d="M78.6 5C69.1-2.4 55.6-1.5 47 7L7 47c-8.5 8.5-9.4 22-2.1 31.6l80 104c4.5 5.9 11.6 9.4 19 9.4h54.1l109 109c-14.7 29-10 65.4 14.3 89.6l112 112c12.5 12.5 32.8 12.5 45.3 0l64-64c12.5-12.5 12.5-32.8 0-45.3l-112-112c-24.2-24.2-60.6-29-89.6-14.3l-109-109V104c0-7.5-3.5-14.5-9.4-19L78.6 5zM19.9 396.1C7.2 408.8 0 426.1 0 444.1C0 481.6 30.4 512 67.9 512c18 0 35.3-7.2 48-19.9L233.7 374.3c-7.8-20.9-9-43.6-3.6-65.1l-61.7-61.7L19.9 396.1zM512 144c0-10.5-1.1-20.7-3.2-30.5c-2.4-11.2-16.1-14.1-24.2-6l-63.9 63.9c-3 3-7.1 4.7-11.3 4.7H352c-8.8 0-16-7.2-16-16V102.6c0-4.2 1.7-8.3 4.7-11.3l63.9-63.9c8.1-8.1 5.2-21.8-6-24.2C388.7 1.1 378.5 0 368 0C288.5 0 224 64.5 224 144l0 .8 85.3 85.3c36-9.1 75.8 .5 104 28.7L429 274.5c49-23 83-72.8 83-130.5zM56 432a24 24 0 1 1 48 0 24 24 0 1 1 -48 0z"
                    />
                  </svg>
                </button>
              </div>
            </div>
          </div>
        </div>
      </div>
      <dialog
        class="modal"
        id="chess-clock-modal"
      >
        <div
          class="modal-box"
        >
          <div
            class="flex flex-col gap-y-4"
          >
            <div
              class="join"
            >
              <select
                class="join-item select select-bordered w-full"
                id="topTime"
                name="Top Time"
              >
                <option
                  value="1"
                >
                  1
                </option>
                <option
                  value="2"
                >
                  2
                </option>
                <option
                  value="3"
                >
                  3
                </option>
                <option
                  value="4"
                >
                  4
                </option>
                <option
                  value="5"
                >
                  5
                </option>
                <option
                  value="6"
                >
                  6
                </option>
                <option
                  value="7"
                >
                  7
                </option>
                <option
                  value="8"
                >
                  8
                </option>
                <option
                  value="9"
                >
                  9
                </option>
                <option
                  value="10"
                >
                  10
                </option>
                <option
                  value="15"
                >
                  15
                </option>
                <option
                  value="20"
                >
                  20
                </option>
                <option
                  value="25"
                >
                  25
                </option>
                <option
                  value="30"
                >
                  30
                </option>
                <option
                  value="45"
                >
                  45
                </option>
                <option
                  value="60"
                >
                  60
                </option>
                <option
                  value="90"
                >
                  90
                </option>
                <option
                  value="120"
                >
                  120
                </option>
                <option
                  value="150"
                >
                  150
                </option>
                <option
                  value="180"
                >
                  180
                </option>
              </select>
              <select
                class="join-item select select-bordered w-full"
                id="topIncrement"
                name="Top Increment"
              >
                <option
                  value="0"
                >
                  0
                </option>
                <option
                  value="1"
                >
                  1
                </option>
                <option
                  value="2"
                >
                  2
                </option>
                <option
                  value="3"
                >
                  3
                </option>
                <option
                  value="4"
                >
                  4
                </option>
                <option
                  value="5"
                >
                  5
                </option>
                <option
                  value="6"
                >
                  6
                </option>
                <option
                  value="7"
                >
                  7
                </option>
                <option
                  value="8"
                >
                  8
                </option>
                <option
                  value="9"
                >
                  9
                </option>
                <option
                  value="10"
                >
                  10
                </option>
                <option
                  value="15"
                >
                  15
                </option>
                <option
                  value="20"
                >
                  20
                </option>
                <option
                  value="25"
                >
                  25
                </option>
                <option
                  value="30"
                >
                  30
                </option>
                <option
                  value="45"
                >
                  45
                </option>
                <option
                  value="60"
                >
                  60
                </option>
                <option
                  value="90"
                >
                  90
                </option>
                <option
                  value="120"
                >
                  120
                </option>
                <option
                  value="150"
                >
                  150
                </option>
                <option
                  value="180"
                >
                  180
                </option>
              </select>
            </div>
            <div
              class="join"
            >
              <select
                class="join-item select select-bordered w-full"
                id="bottomTime"
                name="Bottom Increment"
              >
                <option
                  value="1"
                >
                  1
                </option>
                <option
                  value="2"
                >
                  2
                </option>
                <option
                  value="3"
                >
                  3
                </option>
                <option
                  value="4"
                >
                  4
                </option>
                <option
                  value="5"
                >
                  5
                </option>
                <option
                  value="6"
                >
                  6
                </option>
                <option
                  value="7"
                >
                  7
                </option>
                <option
                  value="8"
                >
                  8
                </option>
                <option
                  value="9"
                >
                  9
                </option>
                <option
                  value="10"
                >
                  10
                </option>
                <option
                  value="15"
                >
                  15
                </option>
                <option
                  value="20"
                >
                  20
                </option>
                <option
                  value="25"
                >
                  25
                </option>
                <option
                  value="30"
                >
                  30
                </option>
                <option
                  value="45"
                >
                  45
                </option>
                <option
                  value="60"
                >
                  60
                </option>
                <option
                  value="90"
                >
                  90
                </option>
                <option
                  value="120"
                >
                  120
                </option>
                <option
                  value="150"
                >
                  150
                </option>
                <option
                  value="180"
                >
                  180
                </option>
              </select>
              <select
                class="join-item select select-bordered w-full"
                id="bottomIncrement"
                name="Bottom Increment"
              >
                <option
                  value="0"
                >
                  0
                </option>
                <option
                  value="1"
                >
                  1
                </option>
                <option
                  value="2"
                >
                  2
                </option>
                <option
                  value="3"
                >
                  3
                </option>
                <option
                  value="4"
                >
                  4
                </option>
                <option
                  value="5"
                >
                  5
                </option>
                <option
                  value="6"
                >
                  6
                </option>
                <option
                  value="7"
                >
                  7
                </option>
                <option
                  value="8"
                >
                  8
                </option>
                <option
                  value="9"
                >
                  9
                </option>
                <option
                  value="10"
                >
                  10
                </option>
                <option
                  value="15"
                >
                  15
                </option>
                <option
                  value="20"
                >
                  20
                </option>
                <option
                  value="25"
                >
                  25
                </option>
                <option
                  value="30"
                >
                  30
                </option>
                <option
                  value="45"
                >
                  45
                </option>
                <option
                  value="60"
                >
                  60
                </option>
                <option
                  value="90"
                >
                  90
                </option>
                <option
                  value="120"
                >
                  120
                </option>
                <option
                  value="150"
                >
                  150
                </option>
                <option
                  value="180"
                >
                  180
                </option>
              </select>
            </div>
          </div>
          <div
            class="modal-action"
          >
            <form
              method="dialog"
            >
              <button
                class="btn btn-primary w-full"
              >
                Set Clock
              </button>
            </form>
          </div>
        </div>
      </dialog>
    </div>
  </div>
</div>
`;
