// Jest Snapshot v1, https://goo.gl/fbAQLP

exports[`Hero render default 1`] = `
<div>
  <div
    class="sc-blHHSb iRKcMC bg-cover w-full min-h-screen-1/2 md:min-h-screen bg-center"
    image="https://raw.githubusercontent.com/hieudoanm/cdn/master/images/football-battle/svg/hero/hero.svg"
  />
</div>
`;
