// Jest Snapshot v1, https://goo.gl/fbAQLP

exports[`Container to match snapshot 1`] = `
<div>
  <div
    class="container mx-auto px-4 md:px-8"
  />
</div>
`;
