// Jest Snapshot v1, https://goo.gl/fbAQLP

exports[`NFT render default 1`] = `
<div>
  <section
    class="py-16"
    id="build-the-team"
  >
    <div
      class="mx-auto px-8 container"
    >
      <div
        class="mb-16"
      >
        <div
          class="mb-4"
        >
          <div
            class="hidden md:block"
          >
            <h1
              class="text-center uppercase text-3xl"
            >
              <div
                class="sc-blHHSb doWbrX truncate text-xl md:text-3xl"
              >
                <span
                  class="opacity-0 md:opacity-100"
                >
                  Get
                </span>
                <span
                  class="opacity-100 md:opacity-0"
                >
                  Get
                </span>
                Get
              </div>
               
              <div
                class="sc-blHHSb doWbrX truncate text-xl md:text-3xl"
              >
                <span
                  class="opacity-0 md:opacity-100"
                >
                  5
                </span>
                <span
                  class="opacity-100 md:opacity-0"
                >
                  5
                </span>
                5
              </div>
               
              <div
                class="sc-blHHSb doWbrX truncate text-xl md:text-3xl"
              >
                <span
                  class="opacity-0 md:opacity-100"
                >
                  players
                </span>
                <span
                  class="opacity-100 md:opacity-0"
                >
                  players
                </span>
                players
              </div>
               
              <div
                class="sc-blHHSb doWbrX truncate text-xl md:text-3xl"
              >
                <span
                  class="opacity-0 md:opacity-100"
                >
                  to
                </span>
                <span
                  class="opacity-100 md:opacity-0"
                >
                  to
                </span>
                to
              </div>
               
              <div
                class="sc-blHHSb doWbrX truncate text-xl md:text-3xl"
              >
                <span
                  class="opacity-0 md:opacity-100"
                >
                  start
                </span>
                <span
                  class="opacity-100 md:opacity-0"
                >
                  start
                </span>
                start
              </div>
               
              <div
                class="sc-blHHSb doWbrX truncate text-xl md:text-3xl"
              >
                <span
                  class="opacity-0 md:opacity-100"
                >
                  game
                </span>
                <span
                  class="opacity-100 md:opacity-0"
                >
                  game
                </span>
                game
              </div>
            </h1>
          </div>
          <div
            class="block md:hidden"
          >
            <h1
              class="text-center uppercase text-xl"
            >
              <div
                class="sc-blHHSb doWbrX truncate text-xl md:text-3xl"
              >
                <span
                  class="opacity-0 md:opacity-100"
                >
                  Get
                </span>
                <span
                  class="opacity-100 md:opacity-0"
                >
                  Get
                </span>
                Get
              </div>
               
              <div
                class="sc-blHHSb doWbrX truncate text-xl md:text-3xl"
              >
                <span
                  class="opacity-0 md:opacity-100"
                >
                  5
                </span>
                <span
                  class="opacity-100 md:opacity-0"
                >
                  5
                </span>
                5
              </div>
               
              <div
                class="sc-blHHSb doWbrX truncate text-xl md:text-3xl"
              >
                <span
                  class="opacity-0 md:opacity-100"
                >
                  players
                </span>
                <span
                  class="opacity-100 md:opacity-0"
                >
                  players
                </span>
                players
              </div>
               
              <div
                class="sc-blHHSb doWbrX truncate text-xl md:text-3xl"
              >
                <span
                  class="opacity-0 md:opacity-100"
                >
                  to
                </span>
                <span
                  class="opacity-100 md:opacity-0"
                >
                  to
                </span>
                to
              </div>
               
              <div
                class="sc-blHHSb doWbrX truncate text-xl md:text-3xl"
              >
                <span
                  class="opacity-0 md:opacity-100"
                >
                  start
                </span>
                <span
                  class="opacity-100 md:opacity-0"
                >
                  start
                </span>
                start
              </div>
               
              <div
                class="sc-blHHSb doWbrX truncate text-xl md:text-3xl"
              >
                <span
                  class="opacity-0 md:opacity-100"
                >
                  game
                </span>
                <span
                  class="opacity-100 md:opacity-0"
                >
                  game
                </span>
                game
              </div>
            </h1>
          </div>
        </div>
        <h2
          class="text-center text-lg text-white font-karma"
        >
          There are two ways to get NFTs
        </h2>
      </div>
      <div
        class="grid grid-cols-1 md:grid-cols-2 gap-8"
      >
        <div>
          <div
            class="h-full p-8 card-green bg-green rounded-2xl"
          >
            <div
              class="grid grid-cols-1 md:grid-cols-5 gap-8"
            >
              <div
                class="order-2 md:order-1 col-span-1 md:col-span-3"
              >
                <div
                  class="flex flex-col h-full gap-y-4"
                >
                  <div
                    class="flex-none"
                  >
                    <h3
                      class="text-sm md:text-lg text-yellow text-center md:text-left"
                    >
                      Buy Players On Our Marketplace
                    </h3>
                  </div>
                  <div
                    class="grow"
                  >
                    <div
                      class="flex items-center justify-center h-full"
                    >
                      <p
                        class="text-white font-karma text-xs md:text-base text-center md:text-left"
                      >
                        Deposit Token on MetaMask and buy card from the Marketplace.
                      </p>
                    </div>
                  </div>
                  <div
                    class="flex-none"
                  >
                    <div
                      class="flex justify-center md:justify-start"
                    >
                      <a
                        class="flex"
                        href="https://bit.ly/3yMv4La"
                        rel="noreferrer"
                        target="_blank"
                      >
                        <button
                          class="rounded-3xl px-4 py-1 font-PS2P uppercase transition duration-700 border-4 border-dashed flex items-center justify-center focus:ring-transparent focus:outline-none btn-yellow bg-yellow text-tiny"
                          type="button"
                        >
                          <div
                            class="text-darkRed"
                          >
                            BUY NOW
                          </div>
                        </button>
                      </a>
                    </div>
                  </div>
                </div>
              </div>
              <div
                class="order-1 md:order-2 col-span-1 md:col-span-2"
              >
                <div
                  class="sc-gtLWhw bFwxjX w-full bg-center bg-contain bg-no-repeat"
                  image="https://raw.githubusercontent.com/hieudoanm/cdn/master/images/football-battle/svg/nft/buy-now.svg"
                  style="padding-bottom: 120%;"
                  title="BUY NOW"
                />
              </div>
            </div>
          </div>
        </div>
        <div>
          <div
            class="h-full p-8 card-green bg-green rounded-2xl"
          >
            <div
              class="grid grid-cols-1 md:grid-cols-5 gap-8"
            >
              <div
                class="order-2 md:order-1 col-span-1 md:col-span-3"
              >
                <div
                  class="flex flex-col h-full gap-y-4"
                >
                  <div
                    class="flex-none"
                  >
                    <h3
                      class="text-sm md:text-lg text-yellow text-center md:text-left"
                    >
                      Rent NFT
                    </h3>
                  </div>
                  <div
                    class="grow"
                  >
                    <div
                      class="flex items-center justify-center h-full"
                    >
                      <p
                        class="text-white font-karma text-xs md:text-base text-center md:text-left"
                      >
                        It is a system where you can rent players without purchasing them.
                      </p>
                    </div>
                  </div>
                  <div
                    class="flex-none"
                  >
                    <div
                      class="flex justify-center md:justify-start"
                    >
                      <a
                        class="flex"
                        href="#"
                        rel="noreferrer"
                        target="_blank"
                      >
                        <button
                          class="rounded-3xl px-4 py-1 font-PS2P uppercase transition duration-700 border-4 border-dashed flex items-center justify-center focus:ring-transparent focus:outline-none btn-yellow bg-yellow text-tiny"
                          type="button"
                        >
                          <div
                            class="text-darkRed"
                          >
                            COMING SOON
                          </div>
                        </button>
                      </a>
                    </div>
                  </div>
                </div>
              </div>
              <div
                class="order-1 md:order-2 col-span-1 md:col-span-2"
              >
                <div
                  class="sc-gtLWhw bFNBXY w-full bg-center bg-contain bg-no-repeat"
                  image="https://raw.githubusercontent.com/hieudoanm/cdn/master/images/football-battle/svg/nft/rent-now.svg"
                  style="padding-bottom: 120%;"
                  title="COMING SOON"
                />
              </div>
            </div>
          </div>
        </div>
      </div>
    </div>
  </section>
</div>
`;
