// Jest Snapshot v1, https://goo.gl/fbAQLP

exports[`SocialPage render default 1`] = `
<div>
  <div
    class="h-screen w-screen overflow-auto p-8 lg:p-16"
  >
    <div
      class="container mx-auto h-full w-full"
    >
      <div
        class="flex h-full items-center justify-center"
      >
        <div
          class="flex flex-col items-center justify-center gap-y-4 lg:gap-y-8"
        >
          <div
            class="w-48 md:w-64"
          >
            <div
              class="aspect-square w-full overflow-hidden rounded-full"
            >
              <div
                class="h-full w-full rounded-full border-4 border-base-content bg-cover bg-center"
                style="background-image: url(/img.jpg);"
              />
            </div>
          </div>
          <p
            class="text-2xl uppercase"
          >
            <a
              href="/"
            >
              Hieu Doan
            </a>
          </p>
          <div
            class="flex flex-col items-center justify-center gap-y-2 lg:gap-y-4"
          >
            <div>
              <a
                class="w-full"
                href="/apps"
                target="_self"
              >
                <button
                  class="btn btn-primary mx-auto w-48 md:w-64"
                >
                  <svg
                    class="inline"
                    fill="currentColor"
                    height="1em"
                    stroke="currentColor"
                    stroke-width="0"
                    viewBox="0 0 512 512"
                    width="1em"
                    xmlns="http://www.w3.org/2000/svg"
                  >
                    <path
                      d="M255.9 120.9l9.1-15.7c5.6-9.8 18.1-13.1 27.9-7.5 9.8 5.6 13.1 18.1 7.5 27.9l-87.5 151.5h63.3c20.5 0 32 24.1 23.1 40.8H113.8c-11.3 0-20.4-9.1-20.4-20.4 0-11.3 9.1-20.4 20.4-20.4h52l66.6-115.4-20.8-36.1c-5.6-9.8-2.3-22.2 7.5-27.9 9.8-5.6 22.2-2.3 27.9 7.5l8.9 15.7zm-78.7 218l-19.6 34c-5.6 9.8-18.1 13.1-27.9 7.5-9.8-5.6-13.1-18.1-7.5-27.9l14.6-25.2c16.4-5.1 29.8-1.2 40.4 11.6zm168.9-61.7h53.1c11.3 0 20.4 9.1 20.4 20.4 0 11.3-9.1 20.4-20.4 20.4h-29.5l19.9 34.5c5.6 9.8 2.3 22.2-7.5 27.9-9.8 5.6-22.2 2.3-27.9-7.5-33.5-58.1-58.7-101.6-75.4-130.6-17.1-29.5-4.9-59.1 7.2-69.1 13.4 23 33.4 57.7 60.1 104zM256 8C119 8 8 119 8 256s111 248 248 248 248-111 248-248S393 8 256 8zm216 248c0 118.7-96.1 216-216 216-118.7 0-216-96.1-216-216 0-118.7 96.1-216 216-216 118.7 0 216 96.1 216 216z"
                    />
                  </svg>
                   
                  Apps
                </button>
              </a>
            </div>
            <div>
              <a
                class="w-full"
                href="https://www.chess.com/member/thedarkknighttrilogy"
                target="_blank"
              >
                <button
                  class="btn btn-primary mx-auto w-48 md:w-64"
                >
                  <svg
                    class="inline"
                    fill="currentColor"
                    height="1em"
                    stroke="currentColor"
                    stroke-width="0"
                    viewBox="0 0 512 512"
                    width="1em"
                    xmlns="http://www.w3.org/2000/svg"
                  >
                    <path
                      d="M144 16c0-8.8-7.2-16-16-16s-16 7.2-16 16V32H96c-8.8 0-16 7.2-16 16s7.2 16 16 16h16V96H60.2C49.1 96 40 105.1 40 116.2c0 2.5 .5 4.9 1.3 7.3L73.8 208H72c-13.3 0-24 10.7-24 24s10.7 24 24 24h4L60 384H196L180 256h4c13.3 0 24-10.7 24-24s-10.7-24-24-24h-1.8l32.5-84.5c.9-2.3 1.3-4.8 1.3-7.3c0-11.2-9.1-20.2-20.2-20.2H144V64h16c8.8 0 16-7.2 16-16s-7.2-16-16-16H144V16zM48 416L4.8 473.6C1.7 477.8 0 482.8 0 488c0 13.3 10.7 24 24 24H232c13.3 0 24-10.7 24-24c0-5.2-1.7-10.2-4.8-14.4L208 416H48zm288 0l-43.2 57.6c-3.1 4.2-4.8 9.2-4.8 14.4c0 13.3 10.7 24 24 24H488c13.3 0 24-10.7 24-24c0-5.2-1.7-10.2-4.8-14.4L464 416H336zM304 208v51.9c0 7.8 2.8 15.3 8 21.1L339.2 312 337 384H462.5l-3.3-72 28.3-30.8c5.4-5.9 8.5-13.6 8.5-21.7V208c0-8.8-7.2-16-16-16H464c-8.8 0-16 7.2-16 16v16H424V208c0-8.8-7.2-16-16-16H392c-8.8 0-16 7.2-16 16v16H352V208c0-8.8-7.2-16-16-16H320c-8.8 0-16 7.2-16 16zm80 96c0-8.8 7.2-16 16-16s16 7.2 16 16v32H384V304z"
                    />
                  </svg>
                   
                  Chess
                </button>
              </a>
            </div>
            <div>
              <a
                class="w-full"
                href="https://github.com/hieudoanm"
                target="_blank"
              >
                <button
                  class="btn btn-primary mx-auto w-48 md:w-64"
                >
                  <svg
                    class="inline"
                    fill="currentColor"
                    height="1em"
                    stroke="currentColor"
                    stroke-width="0"
                    viewBox="0 0 496 512"
                    width="1em"
                    xmlns="http://www.w3.org/2000/svg"
                  >
                    <path
                      d="M165.9 397.4c0 2-2.3 3.6-5.2 3.6-3.3.3-5.6-1.3-5.6-3.6 0-2 2.3-3.6 5.2-3.6 3-.3 5.6 1.3 5.6 3.6zm-31.1-4.5c-.7 2 1.3 4.3 4.3 4.9 2.6 1 5.6 0 6.2-2s-1.3-4.3-4.3-5.2c-2.6-.7-5.5.3-6.2 2.3zm44.2-1.7c-2.9.7-4.9 2.6-4.6 4.9.3 2 2.9 3.3 5.9 2.6 2.9-.7 4.9-2.6 4.6-4.6-.3-1.9-3-3.2-5.9-2.9zM244.8 8C106.1 8 0 113.3 0 252c0 110.9 69.8 205.8 169.5 239.2 12.8 2.3 17.3-5.6 17.3-12.1 0-6.2-.3-40.4-.3-61.4 0 0-70 15-84.7-29.8 0 0-11.4-29.1-27.8-36.6 0 0-22.9-15.7 1.6-15.4 0 0 24.9 2 38.6 25.8 21.9 38.6 58.6 27.5 72.9 20.9 2.3-16 8.8-27.1 16-33.7-55.9-6.2-112.3-14.3-112.3-110.5 0-27.5 7.6-41.3 23.6-58.9-2.6-6.5-11.1-33.3 2.6-67.9 20.9-6.5 69 27 69 27 20-5.6 41.5-8.5 62.8-8.5s42.8 2.9 62.8 8.5c0 0 48.1-33.6 69-27 13.7 34.7 5.2 61.4 2.6 67.9 16 17.7 25.8 31.5 25.8 58.9 0 96.5-58.9 104.2-114.8 110.5 9.2 7.9 17 22.9 17 46.4 0 33.7-.3 75.4-.3 83.6 0 6.5 4.6 14.4 17.3 12.1C428.2 457.8 496 362.9 496 252 496 113.3 383.5 8 244.8 8zM97.2 352.9c-1.3 1-1 3.3.7 5.2 1.6 1.6 3.9 2.3 5.2 1 1.3-1 1-3.3-.7-5.2-1.6-1.6-3.9-2.3-5.2-1zm-10.8-8.1c-.7 1.3.3 2.9 2.3 3.9 1.6 1 3.6.7 4.3-.7.7-1.3-.3-2.9-2.3-3.9-2-.6-3.6-.3-4.3.7zm32.4 35.6c-1.6 1.3-1 4.3 1.3 6.2 2.3 2.3 5.2 2.6 6.5 1 1.3-1.3.7-4.3-1.3-6.2-2.2-2.3-5.2-2.6-6.5-1zm-11.4-14.7c-1.6 1-1.6 3.6 0 5.9 1.6 2.3 4.3 3.3 5.6 2.3 1.6-1.3 1.6-3.9 0-6.2-1.4-2.3-4-3.3-5.6-2z"
                    />
                  </svg>
                   
                  GitHub
                </button>
              </a>
            </div>
            <div>
              <a
                class="w-full"
                href="https://www.linkedin.com/in/hieudoanm"
                target="_blank"
              >
                <button
                  class="btn btn-primary mx-auto w-48 md:w-64"
                >
                  <svg
                    class="inline"
                    fill="currentColor"
                    height="1em"
                    stroke="currentColor"
                    stroke-width="0"
                    viewBox="0 0 448 512"
                    width="1em"
                    xmlns="http://www.w3.org/2000/svg"
                  >
                    <path
                      d="M416 32H31.9C14.3 32 0 46.5 0 64.3v383.4C0 465.5 14.3 480 31.9 480H416c17.6 0 32-14.5 32-32.3V64.3c0-17.8-14.4-32.3-32-32.3zM135.4 416H69V202.2h66.5V416zm-33.2-243c-21.3 0-38.5-17.3-38.5-38.5S80.9 96 102.2 96c21.2 0 38.5 17.3 38.5 38.5 0 21.3-17.2 38.5-38.5 38.5zm282.1 243h-66.4V312c0-24.8-.5-56.7-34.5-56.7-34.6 0-39.9 27-39.9 54.9V416h-66.4V202.2h63.7v29.2h.9c8.9-16.8 30.6-34.5 62.9-34.5 67.2 0 79.7 44.3 79.7 101.9V416z"
                    />
                  </svg>
                   
                  LinkedIn
                </button>
              </a>
            </div>
          </div>
        </div>
      </div>
    </div>
  </div>
</div>
`;
