// Jest Snapshot v1, https://goo.gl/fbAQLP

exports[`Loading to match snapshot 1`] = `<div />`;
